<!DOCTYPE html>
<html>
  <head>
    <title>Home</title>
  </head>
  <body>
    <h1>Heading</h1>
<p>The home page</p>


  </body>
</html>
